
================================================================================
TESTING PHASE 2: SUB-PROMPT GENERATION
================================================================================

Step 1: Loading configuration...
Configuration loaded successfully from config.yaml
